// Jest Snapshot v1, https://goo.gl/fbAQLP

exports[`Renders SelectSection correctly 1`] = `
Object {
  "asFragment": [Function],
  "baseElement": <body>
    <div>
      <div
        class="select-section"
      >
        <div
          class="header"
        >
          <img
            alt="Section icon"
            class="icon"
            src="icon.png"
          />
          <h4
            class="title"
          >
            Consultant Type
          </h4>
        </div>
        <div
          class="button-wrapper"
        >
          <button
            class="button button--active"
            type="button"
          >
            GP
          </button>
          <button
            class="button"
            type="button"
          >
            Specialist
          </button>
          <button
            class="button"
            type="button"
          >
            Therapist
          </button>
        </div>
      </div>
    </div>
  </body>,
  "container": <div>
    <div
      class="select-section"
    >
      <div
        class="header"
      >
        <img
          alt="Section icon"
          class="icon"
          src="icon.png"
        />
        <h4
          class="title"
        >
          Consultant Type
        </h4>
      </div>
      <div
        class="button-wrapper"
      >
        <button
          class="button button--active"
          type="button"
        >
          GP
        </button>
        <button
          class="button"
          type="button"
        >
          Specialist
        </button>
        <button
          class="button"
          type="button"
        >
          Therapist
        </button>
      </div>
    </div>
  </div>,
  "debug": [Function],
  "findAllByAltText": [Function],
  "findAllByDisplayValue": [Function],
  "findAllByLabelText": [Function],
  "findAllByPlaceholderText": [Function],
  "findAllByRole": [Function],
  "findAllByTestId": [Function],
  "findAllByText": [Function],
  "findAllByTitle": [Function],
  "findByAltText": [Function],
  "findByDisplayValue": [Function],
  "findByLabelText": [Function],
  "findByPlaceholderText": [Function],
  "findByRole": [Function],
  "findByTestId": [Function],
  "findByText": [Function],
  "findByTitle": [Function],
  "getAllByAltText": [Function],
  "getAllByDisplayValue": [Function],
  "getAllByLabelText": [Function],
  "getAllByPlaceholderText": [Function],
  "getAllByRole": [Function],
  "getAllByTestId": [Function],
  "getAllByText": [Function],
  "getAllByTitle": [Function],
  "getByAltText": [Function],
  "getByDisplayValue": [Function],
  "getByLabelText": [Function],
  "getByPlaceholderText": [Function],
  "getByRole": [Function],
  "getByTestId": [Function],
  "getByText": [Function],
  "getByTitle": [Function],
  "queryAllByAltText": [Function],
  "queryAllByDisplayValue": [Function],
  "queryAllByLabelText": [Function],
  "queryAllByPlaceholderText": [Function],
  "queryAllByRole": [Function],
  "queryAllByTestId": [Function],
  "queryAllByText": [Function],
  "queryAllByTitle": [Function],
  "queryByAltText": [Function],
  "queryByDisplayValue": [Function],
  "queryByLabelText": [Function],
  "queryByPlaceholderText": [Function],
  "queryByRole": [Function],
  "queryByTestId": [Function],
  "queryByText": [Function],
  "queryByTitle": [Function],
  "rerender": [Function],
  "unmount": [Function],
}
`;
